EN x7segb_top NULL "D:/Hardwork/File Kuliah/TEKNIK KOMPUTER 2018/SEMESTER2/Rangkaian Logika 2/XILINX PROJECT/PAK NANDO NEW/Lab7C2/x7segb_top.vhd" sub00/vhpl02 1557679150
AR x7segb behavioral "D:/Hardwork/File Kuliah/TEKNIK KOMPUTER 2018/SEMESTER2/Rangkaian Logika 2/XILINX PROJECT/PAK NANDO NEW/Lab7C2/x7segb.vhd" sub00/vhpl01 1557679149
EN x7segb NULL "D:/Hardwork/File Kuliah/TEKNIK KOMPUTER 2018/SEMESTER2/Rangkaian Logika 2/XILINX PROJECT/PAK NANDO NEW/Lab7C2/x7segb.vhd" sub00/vhpl00 1557679147
AR x7segb_top behavioral "D:/Hardwork/File Kuliah/TEKNIK KOMPUTER 2018/SEMESTER2/Rangkaian Logika 2/XILINX PROJECT/PAK NANDO NEW/Lab7C2/x7segb_top.vhd" sub00/vhpl03 1557679151
